0 verbose cli C:\Program Files\nodejs\node.exe C:\Program Files\nodejs\node_modules\npm\bin\npm-cli.js
0 verbose cli C:\Program Files\nodejs\node.exe C:\Program Files\nodejs\node_modules\npm\bin\npm-cli.js
1 info using npm@11.13.0
1 info using npm@11.13.0
2 info using node@v24.16.0
2 info using node@v24.16.0
3 silly config load:file:C:\Program Files\nodejs\node_modules\npm\npmrc
3 silly config load:file:C:\Program Files\nodejs\node_modules\npm\npmrc
4 silly config load:file:C:\Users\Gabriel\Desktop\Projetos Pessoais\gamificacao-app\.npmrc
4 silly config load:file:C:\Users\Gabriel\Desktop\Projetos Pessoais\gamificacao-app\.npmrc
5 silly config load:file:C:\Users\Gabriel\.npmrc
5 silly config load:file:C:\Users\Gabriel\.npmrc
6 silly config load:file:C:\Users\Gabriel\AppData\Roaming\npm\etc\npmrc
6 silly config load:file:C:\Users\Gabriel\AppData\Roaming\npm\etc\npmrc
7 verbose title npm view @bacons/apple-targets version description homepage repository.url
7 verbose title npm view react-native-widget-extension version description homepage repository.url
8 verbose argv "view" "@bacons/apple-targets" "version" "description" "homepage" "repository.url" "--cache" ".npm-cache"
8 verbose argv "view" "react-native-widget-extension" "version" "description" "homepage" "repository.url" "--cache" ".npm-cache"
9 verbose logfile logs-max:10 dir:C:\Users\Gabriel\Desktop\Projetos Pessoais\gamificacao-app\.npm-cache\_logs\2026-06-22T00_21_11_055Z-
9 verbose logfile logs-max:10 dir:C:\Users\Gabriel\Desktop\Projetos Pessoais\gamificacao-app\.npm-cache\_logs\2026-06-22T00_21_11_055Z-
10 verbose logfile C:\Users\Gabriel\Desktop\Projetos Pessoais\gamificacao-app\.npm-cache\_logs\2026-06-22T00_21_11_055Z-debug-0.log
10 verbose logfile C:\Users\Gabriel\Desktop\Projetos Pessoais\gamificacao-app\.npm-cache\_logs\2026-06-22T00_21_11_055Z-debug-0.log
11 silly logfile done cleaning log files
11 silly logfile done cleaning log files
12 http fetch GET 200 https://registry.npmjs.org/@bacons%2fapple-targets 433ms (cache miss)
13 verbose cwd C:\Users\Gabriel\Desktop\Projetos Pessoais\gamificacao-app
14 verbose os Windows_NT 10.0.22631
15 verbose node v24.16.0
16 verbose npm  v11.13.0
17 verbose exit 0
18 info ok
12 http fetch GET 200 https://registry.npmjs.org/react-native-widget-extension 809ms (cache miss)
13 verbose cwd C:\Users\Gabriel\Desktop\Projetos Pessoais\gamificacao-app
14 verbose os Windows_NT 10.0.22631
15 verbose node v24.16.0
16 verbose npm  v11.13.0
17 verbose exit 0
18 info ok
