0 verbose cli C:\Program Files\nodejs\node.exe C:\Program Files\nodejs\node_modules\npm\bin\npm-cli.js
1 info using npm@11.13.0
2 info using node@v24.16.0
3 silly config load:file:C:\Program Files\nodejs\node_modules\npm\npmrc
4 silly config load:file:C:\Users\Gabriel\Desktop\Projetos Pessoais\gamificacao-app\.npmrc
5 silly config load:file:C:\Users\Gabriel\.npmrc
6 silly config load:file:C:\Users\Gabriel\AppData\Roaming\npm\etc\npmrc
7 verbose title npm install
8 verbose argv "install" "--package-lock-only" "--cache" ".npm-cache"
9 verbose logfile logs-max:10 dir:C:\Users\Gabriel\Desktop\Projetos Pessoais\gamificacao-app\.npm-cache\_logs\2026-06-22T00_34_38_739Z-
10 verbose logfile C:\Users\Gabriel\Desktop\Projetos Pessoais\gamificacao-app\.npm-cache\_logs\2026-06-22T00_34_38_739Z-debug-0.log
11 silly logfile done cleaning log files
12 silly packumentCache heap:4496293888 maxSize:1124073472 maxEntrySize:562036736
13 silly idealTree buildDeps
14 silly audit bulk request {
14 silly audit   '@adobe/css-tools': [ '4.5.0' ],
14 silly audit   '@babel/code-frame': [ '7.29.7' ],
14 silly audit   '@babel/compat-data': [ '7.29.7' ],
14 silly audit   '@babel/core': [ '7.29.7' ],
14 silly audit   '@babel/generator': [ '7.29.7' ],
14 silly audit   '@babel/helper-annotate-as-pure': [ '7.29.7' ],
14 silly audit   '@babel/helper-compilation-targets': [ '7.29.7' ],
14 silly audit   '@babel/helper-create-class-features-plugin': [ '7.29.7' ],
14 silly audit   '@babel/helper-create-regexp-features-plugin': [ '7.29.7' ],
14 silly audit   '@babel/helper-define-polyfill-provider': [ '0.6.8' ],
14 silly audit   '@babel/helper-globals': [ '7.29.7' ],
14 silly audit   '@babel/helper-member-expression-to-functions': [ '7.29.7' ],
14 silly audit   '@babel/helper-module-imports': [ '7.29.7' ],
14 silly audit   '@babel/helper-module-transforms': [ '7.29.7' ],
14 silly audit   '@babel/helper-optimise-call-expression': [ '7.29.7' ],
14 silly audit   '@babel/helper-plugin-utils': [ '7.29.7' ],
14 silly audit   '@babel/helper-remap-async-to-generator': [ '7.29.7' ],
14 silly audit   '@babel/helper-replace-supers': [ '7.29.7' ],
14 silly audit   '@babel/helper-skip-transparent-expression-wrappers': [ '7.29.7' ],
14 silly audit   '@babel/helper-string-parser': [ '7.29.7' ],
14 silly audit   '@babel/helper-validator-identifier': [ '7.29.7' ],
14 silly audit   '@babel/helper-validator-option': [ '7.29.7' ],
14 silly audit   '@babel/helper-wrap-function': [ '7.29.7' ],
14 silly audit   '@babel/helpers': [ '7.29.7' ],
14 silly audit   '@babel/parser': [ '7.29.7' ],
14 silly audit   '@babel/plugin-proposal-decorators': [ '7.29.7' ],
14 silly audit   '@babel/plugin-proposal-export-default-from': [ '7.29.7' ],
14 silly audit   '@babel/plugin-syntax-decorators': [ '7.29.7' ],
14 silly audit   '@babel/plugin-syntax-dynamic-import': [ '7.8.3' ],
14 silly audit   '@babel/plugin-syntax-export-default-from': [ '7.29.7' ],
14 silly audit   '@babel/plugin-syntax-flow': [ '7.29.7' ],
14 silly audit   '@babel/plugin-syntax-jsx': [ '7.29.7' ],
14 silly audit   '@babel/plugin-syntax-nullish-coalescing-operator': [ '7.8.3' ],
14 silly audit   '@babel/plugin-syntax-optional-chaining': [ '7.8.3' ],
14 silly audit   '@babel/plugin-syntax-typescript': [ '7.29.7' ],
14 silly audit   '@babel/plugin-transform-arrow-functions': [ '7.29.7' ],
14 silly audit   '@babel/plugin-transform-async-generator-functions': [ '7.29.7' ],
14 silly audit   '@babel/plugin-transform-async-to-generator': [ '7.29.7' ],
14 silly audit   '@babel/plugin-transform-block-scoping': [ '7.29.7' ],
14 silly audit   '@babel/plugin-transform-class-properties': [ '7.29.7' ],
14 silly audit   '@babel/plugin-transform-class-static-block': [ '7.29.7' ],
14 silly audit   '@babel/plugin-transform-classes': [ '7.29.7' ],
14 silly audit   '@babel/plugin-transform-destructuring': [ '7.29.7' ],
14 silly audit   '@babel/plugin-transform-export-namespace-from': [ '7.29.7' ],
14 silly audit   '@babel/plugin-transform-flow-strip-types': [ '7.29.7' ],
14 silly audit   '@babel/plugin-transform-for-of': [ '7.29.7' ],
14 silly audit   '@babel/plugin-transform-logical-assignment-operators': [ '7.29.7' ],
14 silly audit   '@babel/plugin-transform-modules-commonjs': [ '7.29.7' ],
14 silly audit   '@babel/plugin-transform-named-capturing-groups-regex': [ '7.29.7' ],
14 silly audit   '@babel/plugin-transform-nullish-coalescing-operator': [ '7.29.7' ],
14 silly audit   '@babel/plugin-transform-object-rest-spread': [ '7.29.7' ],
14 silly audit   '@babel/plugin-transform-optional-catch-binding': [ '7.29.7' ],
14 silly audit   '@babel/plugin-transform-optional-chaining': [ '7.29.7' ],
14 silly audit   '@babel/plugin-transform-parameters': [ '7.29.7' ],
14 silly audit   '@babel/plugin-transform-private-methods': [ '7.29.7' ],
14 silly audit   '@babel/plugin-transform-private-property-in-object': [ '7.29.7' ],
14 silly audit   '@babel/plugin-transform-react-display-name': [ '7.29.7' ],
14 silly audit   '@babel/plugin-transform-react-jsx': [ '7.29.7' ],
14 silly audit   '@babel/plugin-transform-react-jsx-development': [ '7.29.7' ],
14 silly audit   '@babel/plugin-transform-react-jsx-self': [ '7.29.7' ],
14 silly audit   '@babel/plugin-transform-react-jsx-source': [ '7.29.7' ],
14 silly audit   '@babel/plugin-transform-react-pure-annotations': [ '7.29.7' ],
14 silly audit   '@babel/plugin-transform-regenerator': [ '7.29.7' ],
14 silly audit   '@babel/plugin-transform-runtime': [ '7.29.7' ],
14 silly audit   '@babel/plugin-transform-shorthand-properties': [ '7.29.7' ],
14 silly audit   '@babel/plugin-transform-template-literals': [ '7.29.7' ],
14 silly audit   '@babel/plugin-transform-typescript': [ '7.29.7' ],
14 silly audit   '@babel/plugin-transform-unicode-regex': [ '7.29.7' ],
14 silly audit   '@babel/preset-typescript': [ '7.29.7' ],
14 silly audit   '@babel/runtime': [ '7.29.7' ],
14 silly audit   '@babel/template': [ '7.29.7' ],
14 silly audit   '@babel/traverse': [ '7.29.7' ],
14 silly audit   '@babel/types': [ '7.29.7' ],
14 silly audit   '@egjs/hammerjs': [ '2.0.17' ],
14 silly audit   '@emnapi/core': [ '1.10.0' ],
14 silly audit   '@emnapi/runtime': [ '1.10.0' ],
14 silly audit   '@emnapi/wasi-threads': [ '1.2.1' ],
14 silly audit   '@eslint-community/eslint-utils': [ '4.9.1' ],
14 silly audit   'eslint-visitor-keys': [ '3.4.3', '5.0.1', '4.2.1' ],
14 silly audit   '@eslint-community/regexpp': [ '4.12.2' ],
14 silly audit   '@eslint/config-array': [ '0.21.2' ],
14 silly audit   'balanced-match': [ '1.0.2', '4.0.4' ],
14 silly audit   'brace-expansion': [ '1.1.15', '5.0.6' ],
14 silly audit   minimatch: [ '3.1.5', '10.2.5' ],
14 silly audit   '@eslint/config-helpers': [ '0.4.2' ],
14 silly audit   '@eslint/core': [ '0.17.0' ],
14 silly audit   '@eslint/eslintrc': [ '3.3.5' ],
14 silly audit   '@eslint/js': [ '9.39.4' ],
14 silly audit   '@eslint/object-schema': [ '2.1.7' ],
14 silly audit   '@eslint/plugin-kit': [ '0.4.1' ],
14 silly audit   '@expo-google-fonts/barlow': [ '0.4.1' ],
14 silly audit   '@expo-google-fonts/barlow-condensed': [ '0.4.1' ],
14 silly audit   '@expo-google-fonts/chakra-petch': [ '0.4.1' ],
14 silly audit   '@expo-google-fonts/material-symbols': [ '0.4.38' ],
14 silly audit   '@expo-google-fonts/russo-one': [ '0.4.1' ],
14 silly audit   '@expo/code-signing-certificates': [ '0.0.6' ],
14 silly audit   '@expo/config': [ '56.0.9' ],
14 silly audit   '@expo/config-plugins': [ '56.0.8' ],
14 silly audit   semver: [ '7.8.2', '6.3.1' ],
14 silly audit   '@expo/config-types': [ '56.0.5' ],
14 silly audit   '@expo/devcert': [ '1.2.1' ],
14 silly audit   debug: [ '3.2.7', '2.6.9', '4.4.3' ],
14 silly audit   '@expo/devtools': [ '56.0.2' ],
14 silly audit   '@expo/dom-webview': [ '56.0.5' ],
14 silly audit   '@expo/env': [ '2.3.0' ],
14 silly audit   '@expo/expo-modules-macros-plugin': [ '0.0.9' ],
14 silly audit   '@expo/fingerprint': [ '0.19.4' ],
14 silly audit   '@expo/image-utils': [ '0.10.1' ],
14 silly audit   '@expo/inline-modules': [ '0.0.11' ],
14 silly audit   '@expo/json-file': [ '10.2.0' ],
14 silly audit   '@expo/local-build-cache-provider': [ '56.0.8' ],
14 silly audit   '@expo/log-box': [ '56.0.12' ],
14 silly audit   '@expo/metro': [ '56.0.0' ],
14 silly audit   '@expo/metro-config': [ '56.0.13' ],
14 silly audit   '@expo/metro-file-map': [ '56.0.3' ],
14 silly audit   '@expo/metro-runtime': [ '56.0.14' ],
14 silly audit   '@expo/osascript': [ '2.6.0' ],
14 silly audit   '@expo/package-manager': [ '1.12.1' ],
14 silly audit   '@expo/plist': [ '0.7.0' ],
14 silly audit   '@expo/prebuild-config': [ '56.0.15' ],
14 silly audit   '@expo/require-utils': [ '56.1.3' ],
14 silly audit   '@expo/schema-utils': [ '56.0.1' ],
14 silly audit   '@expo/sdk-runtime-versions': [ '1.0.0' ],
14 silly audit   '@expo/spawn-async': [ '1.8.0' ],
14 silly audit   '@expo/sudo-prompt': [ '9.3.2' ],
14 silly audit   '@expo/ui': [ '56.0.16', '56.0.18' ],
14 silly audit   '@expo/ws-tunnel': [ '1.0.6' ],
14 silly audit   '@expo/xcpretty': [ '4.4.4' ],
14 silly audit   '@humanfs/core': [ '0.19.2' ],
14 silly audit   '@humanfs/node': [ '0.16.8' ],
14 silly audit   '@humanfs/types': [ '0.15.0' ],
14 silly audit   '@humanwhocodes/module-importer': [ '1.0.1' ],
14 silly audit   '@humanwhocodes/retry': [ '0.4.3' ],
14 silly audit   '@isaacs/ttlcache': [ '1.4.1' ],
14 silly audit   '@jest/schemas': [ '29.6.3' ],
14 silly audit   '@jest/types': [ '29.6.3' ],
14 silly audit   '@jridgewell/gen-mapping': [ '0.3.13' ],
14 silly audit   '@jridgewell/remapping': [ '2.3.5' ],
14 silly audit   '@jridgewell/resolve-uri': [ '3.1.2' ],
14 silly audit   '@jridgewell/source-map': [ '0.3.11' ],
14 silly audit   '@jridgewell/sourcemap-codec': [ '1.5.5' ],
14 silly audit   '@jridgewell/trace-mapping': [ '0.3.31' ],
14 silly audit   '@msgpackr-extract/msgpackr-extract-darwin-arm64': [ '3.0.4' ],
14 silly audit   '@msgpackr-extract/msgpackr-extract-darwin-x64': [ '3.0.4' ],
14 silly audit   '@msgpackr-extract/msgpackr-extract-linux-arm': [ '3.0.4' ],
14 silly audit   '@msgpackr-extract/msgpackr-extract-linux-arm64': [ '3.0.4' ],
14 silly audit   '@msgpackr-extract/msgpackr-extract-linux-x64': [ '3.0.4' ],
14 silly audit   '@msgpackr-extract/msgpackr-extract-win32-x64': [ '3.0.4' ],
14 silly audit   '@napi-rs/wasm-runtime': [ '1.1.4' ],
14 silly audit   '@nolyfill/is-core-module': [ '1.0.39' ],
14 silly audit   '@radix-ui/primitive': [ '1.1.3' ],
14 silly audit   '@radix-ui/react-collection': [ '1.1.7' ],
14 silly audit   '@radix-ui/react-slot': [ '1.2.3', '1.2.4' ],
14 silly audit   '@radix-ui/react-compose-refs': [ '1.1.2' ],
14 silly audit   '@radix-ui/react-context': [ '1.1.2' ],
14 silly audit   '@radix-ui/react-dialog': [ '1.1.15' ],
14 silly audit   '@radix-ui/react-direction': [ '1.1.1' ],
14 silly audit   '@radix-ui/react-dismissable-layer': [ '1.1.11' ],
14 silly audit   '@radix-ui/react-focus-guards': [ '1.1.3' ],
14 silly audit   '@radix-ui/react-focus-scope': [ '1.1.7' ],
14 silly audit   '@radix-ui/react-id': [ '1.1.1' ],
14 silly audit   '@radix-ui/react-portal': [ '1.1.9' ],
14 silly audit   '@radix-ui/react-presence': [ '1.1.5' ],
14 silly audit   '@radix-ui/react-primitive': [ '2.1.3' ],
14 silly audit   '@radix-ui/react-roving-focus': [ '1.1.11' ],
14 silly audit   '@radix-ui/react-tabs': [ '1.1.13' ],
14 silly audit   '@radix-ui/react-use-callback-ref': [ '1.1.1' ],
14 silly audit   '@radix-ui/react-use-controllable-state': [ '1.2.2' ],
14 silly audit   '@radix-ui/react-use-effect-event': [ '0.0.2' ],
14 silly audit   '@radix-ui/react-use-escape-keydown': [ '1.1.1' ],
14 silly audit   '@radix-ui/react-use-layout-effect': [ '1.1.1' ],
14 silly audit   '@react-native-async-storage/async-storage': [ '2.2.0' ],
14 silly audit   '@react-native-masked-view/masked-view': [ '0.3.2' ],
14 silly audit   '@react-native/assets-registry': [ '0.85.3' ],
14 silly audit   '@react-native/babel-plugin-codegen': [ '0.85.3' ],
14 silly audit   '@react-native/babel-preset': [ '0.85.3' ],
14 silly audit   '@react-native/codegen': [ '0.85.3' ],
14 silly audit   '@react-native/community-cli-plugin': [ '0.85.3' ],
14 silly audit   '@react-native/debugger-frontend': [ '0.85.3' ],
14 silly audit   '@react-native/debugger-shell': [ '0.85.3' ],
14 silly audit   '@react-native/dev-middleware': [ '0.85.3' ],
14 silly audit   '@react-native/gradle-plugin': [ '0.85.3' ],
14 silly audit   '@react-native/js-polyfills': [ '0.85.3' ],
14 silly audit   '@react-native/metro-babel-transformer': [ '0.85.3' ],
14 silly audit   '@react-native/metro-config': [ '0.85.3' ],
14 silly audit   '@react-native/normalize-colors': [ '0.85.3', '0.74.89' ],
14 silly audit   '@react-native/virtualized-lists': [ '0.85.3' ],
14 silly audit   '@rtsao/scc': [ '1.1.0' ],
14 silly audit   '@sinclair/typebox': [ '0.27.10' ],
14 silly audit   '@supabase/auth-js': [ '2.107.0' ],
14 silly audit   '@supabase/cli-darwin-arm64': [ '2.105.0' ],
14 silly audit   '@supabase/cli-darwin-x64': [ '2.105.0' ],
14 silly audit   '@supabase/cli-linux-arm64': [ '2.105.0' ],
14 silly audit   '@supabase/cli-linux-arm64-musl': [ '2.105.0' ],
14 silly audit   '@supabase/cli-linux-x64': [ '2.105.0' ],
14 silly audit   '@supabase/cli-linux-x64-musl': [ '2.105.0' ],
14 silly audit   '@supabase/cli-windows-arm64': [ '2.105.0' ],
14 silly audit   '@supabase/cli-windows-x64': [ '2.105.0' ],
14 silly audit   '@supabase/functions-js': [ '2.107.0' ],
14 silly audit   '@supabase/phoenix': [ '0.4.2' ],
14 silly audit   '@supabase/postgrest-js': [ '2.107.0' ],
14 silly audit   '@supabase/realtime-js': [ '2.107.0' ],
14 silly audit   '@supabase/storage-js': [ '2.107.0' ],
14 silly audit   '@supabase/supabase-js': [ '2.107.0' ],
14 silly audit   '@tanstack/query-core': [ '5.101.0' ],
14 silly audit   '@tanstack/react-query': [ '5.101.0' ],
14 silly audit   '@testing-library/dom': [ '10.4.1' ],
14 silly audit   'ansi-styles': [ '5.2.0', '4.3.0', '3.2.1' ],
14 silly audit   'pretty-format': [ '27.5.1', '29.7.0' ],
14 silly audit   'react-is': [ '17.0.2', '16.13.1', '18.3.1', '19.2.7' ],
14 silly audit   '@testing-library/jest-dom': [ '6.9.1' ],
14 silly audit   'dom-accessibility-api': [ '0.6.3', '0.5.16' ],
14 silly audit   '@testing-library/user-event': [ '14.6.1' ],
14 silly audit   '@tybys/wasm-util': [ '0.10.2' ],
14 silly audit   '@types/aria-query': [ '5.0.4' ],
14 silly audit   '@types/estree': [ '1.0.9' ],
14 silly audit   '@types/hammerjs': [ '2.0.46' ],
14 silly audit   '@types/istanbul-lib-coverage': [ '2.0.6' ],
14 silly audit   '@types/istanbul-lib-report': [ '3.0.3' ],
14 silly audit   '@types/istanbul-reports': [ '3.0.4' ],
14 silly audit   '@types/json-schema': [ '7.0.15' ],
14 silly audit   '@types/json5': [ '0.0.29' ],
14 silly audit   '@types/node': [ '25.9.2' ],
14 silly audit   '@types/react': [ '19.2.17' ],
14 silly audit   '@types/react-test-renderer': [ '19.1.0' ],
14 silly audit   '@types/yargs': [ '17.0.35' ],
14 silly audit   '@types/yargs-parser': [ '21.0.3' ],
14 silly audit   '@typescript-eslint/eslint-plugin': [ '8.60.1' ],
14 silly audit   ignore: [ '7.0.5', '5.3.2' ],
14 silly audit   '@typescript-eslint/parser': [ '8.60.1' ],
14 silly audit   '@typescript-eslint/project-service': [ '8.60.1' ],
14 silly audit   '@typescript-eslint/scope-manager': [ '8.60.1' ],
14 silly audit   '@typescript-eslint/tsconfig-utils': [ '8.60.1' ],
14 silly audit   '@typescript-eslint/type-utils': [ '8.60.1' ],
14 silly audit   '@typescript-eslint/types': [ '8.60.1' ],
14 silly audit   '@typescript-eslint/typescript-estree': [ '8.60.1' ],
14 silly audit   '@typescript-eslint/utils': [ '8.60.1' ],
14 silly audit   '@typescript-eslint/visitor-keys': [ '8.60.1' ],
14 silly audit   '@ungap/structured-clone': [ '1.3.1' ],
14 silly audit   '@unrs/resolver-binding-android-arm-eabi': [ '1.12.2' ],
14 silly audit   '@unrs/resolver-binding-android-arm64': [ '1.12.2' ],
14 silly audit   '@unrs/resolver-binding-darwin-arm64': [ '1.12.2' ],
14 silly audit   '@unrs/resolver-binding-darwin-x64': [ '1.12.2' ],
14 silly audit   '@unrs/resolver-binding-freebsd-x64': [ '1.12.2' ],
14 silly audit   '@unrs/resolver-binding-linux-arm-gnueabihf': [ '1.12.2' ],
14 silly audit   '@unrs/resolver-binding-linux-arm-musleabihf': [ '1.12.2' ],
14 silly audit   '@unrs/resolver-binding-linux-arm64-gnu': [ '1.12.2' ],
14 silly audit   '@unrs/resolver-binding-linux-arm64-musl': [ '1.12.2' ],
14 silly audit   '@unrs/resolver-binding-linux-loong64-gnu': [ '1.12.2' ],
14 silly audit   '@unrs/resolver-binding-linux-loong64-musl': [ '1.12.2' ],
14 silly audit   '@unrs/resolver-binding-linux-ppc64-gnu': [ '1.12.2' ],
14 silly audit   '@unrs/resolver-binding-linux-riscv64-gnu': [ '1.12.2' ],
14 silly audit   '@unrs/resolver-binding-linux-riscv64-musl': [ '1.12.2' ],
14 silly audit   '@unrs/resolver-binding-linux-s390x-gnu': [ '1.12.2' ],
14 silly audit   '@unrs/resolver-binding-linux-x64-gnu': [ '1.12.2' ],
14 silly audit   '@unrs/resolver-binding-linux-x64-musl': [ '1.12.2' ],
14 silly audit   '@unrs/resolver-binding-openharmony-arm64': [ '1.12.2' ],
14 silly audit   '@unrs/resolver-binding-wasm32-wasi': [ '1.12.2' ],
14 silly audit   '@unrs/resolver-binding-win32-arm64-msvc': [ '1.12.2' ],
14 silly audit   '@unrs/resolver-binding-win32-ia32-msvc': [ '1.12.2' ],
14 silly audit   '@unrs/resolver-binding-win32-x64-msvc': [ '1.12.2' ],
14 silly audit   '@xmldom/xmldom': [ '0.8.13', '0.9.10' ],
14 silly audit   'abort-controller': [ '3.0.0' ],
14 silly audit   accepts: [ '2.0.0', '1.3.8' ],
14 silly audit   acorn: [ '8.16.0' ],
14 silly audit   'acorn-jsx': [ '5.3.2' ],
14 silly audit   'agent-base': [ '7.1.4' ],
14 silly audit   ajv: [ '6.15.0' ],
14 silly audit   anser: [ '1.4.10' ],
14 silly audit   'ansi-escapes': [ '4.3.2' ],
14 silly audit   'type-fest': [ '0.21.3', '0.7.1' ],
14 silly audit   'ansi-regex': [ '5.0.1', '4.1.1' ],
14 silly audit   arg: [ '5.0.2' ],
14 silly audit   argparse: [ '2.0.1' ],
14 silly audit   'aria-hidden': [ '1.2.6' ],
14 silly audit   'aria-query': [ '5.3.0' ],
14 silly audit   'array-buffer-byte-length': [ '1.0.2' ],
14 silly audit   'array-includes': [ '3.1.9' ],
14 silly audit   'array.prototype.findlast': [ '1.2.5' ],
14 silly audit   'array.prototype.findlastindex': [ '1.2.6' ],
14 silly audit   'array.prototype.flat': [ '1.3.3' ],
14 silly audit   'array.prototype.flatmap': [ '1.3.3' ],
14 silly audit   'array.prototype.tosorted': [ '1.1.4' ],
14 silly audit   'arraybuffer.prototype.slice': [ '1.0.4' ],
14 silly audit   asap: [ '2.0.6' ],
14 silly audit   'async-function': [ '1.0.0' ],
14 silly audit   'available-typed-arrays': [ '1.0.7' ],
14 silly audit   'babel-plugin-polyfill-corejs2': [ '0.4.17' ],
14 silly audit   'babel-plugin-polyfill-corejs3': [ '0.13.0' ],
14 silly audit   'babel-plugin-polyfill-regenerator': [ '0.6.8' ],
14 silly audit   'babel-plugin-react-compiler': [ '1.0.0' ],
14 silly audit   'babel-plugin-react-native-web': [ '0.21.2' ],
14 silly audit   'babel-plugin-syntax-hermes-parser': [ '0.33.3' ],
14 silly audit   'babel-plugin-transform-flow-enums': [ '0.0.2' ],
14 silly audit   'babel-preset-expo': [ '56.0.14' ],
14 silly audit   badgin: [ '1.2.3' ],
14 silly audit   'base64-js': [ '1.5.1' ],
14 silly audit   'baseline-browser-mapping': [ '2.10.34' ],
14 silly audit   'big-integer': [ '1.6.52' ],
14 silly audit   boolbase: [ '1.0.0' ],
14 silly audit   'bplist-creator': [ '0.1.0' ],
14 silly audit   'bplist-parser': [ '0.3.1' ],
14 silly audit   braces: [ '3.0.3' ],
14 silly audit   browserslist: [ '4.28.2' ],
14 silly audit   bser: [ '2.1.1' ],
14 silly audit   buffer: [ '5.7.1' ],
14 silly audit   'buffer-from': [ '1.1.2' ],
14 silly audit   bytes: [ '3.1.2' ],
14 silly audit   'call-bind': [ '1.0.9' ],
14 silly audit   'call-bind-apply-helpers': [ '1.0.2' ],
14 silly audit   'call-bound': [ '1.0.4' ],
14 silly audit   callsites: [ '3.1.0' ],
14 silly audit   camelcase: [ '6.3.0' ],
14 silly audit   'caniuse-lite': [ '1.0.30001793' ],
14 silly audit   chalk: [ '4.1.2', '2.4.2' ],
14 silly audit   'chrome-launcher': [ '0.15.2' ],
14 silly audit   'chromium-edge-launcher': [ '0.3.0' ],
14 silly audit   'ci-info': [ '2.0.0', '3.9.0' ],
14 silly audit   'cli-cursor': [ '2.1.0' ],
14 silly audit   'cli-spinners': [ '2.9.2' ],
14 silly audit   'client-only': [ '0.0.1' ],
14 silly audit   cliui: [ '8.0.1' ],
14 silly audit   clone: [ '1.0.4' ],
14 silly audit   color: [ '4.2.3' ],
14 silly audit   'color-convert': [ '2.0.1', '1.9.3' ],
14 silly audit   'color-name': [ '1.1.4', '1.1.3' ],
14 silly audit   'color-string': [ '1.9.1' ],
14 silly audit   commander: [ '7.2.0', '12.1.0', '2.20.3' ],
14 silly audit   compressible: [ '2.0.18' ],
14 silly audit   compression: [ '1.8.1' ],
14 silly audit   ms: [ '2.0.0', '2.1.3' ],
14 silly audit   negotiator: [ '0.6.4', '0.6.3', '1.0.0' ],
14 silly audit   'concat-map': [ '0.0.1' ],
14 silly audit   connect: [ '3.7.0' ],
14 silly audit   'convert-source-map': [ '2.0.0' ],
14 silly audit   'core-js-compat': [ '3.49.0' ],
14 silly audit   'cross-fetch': [ '3.2.0' ],
14 silly audit   'cross-spawn': [ '7.0.6' ],
14 silly audit   'css-in-js-utils': [ '3.1.0' ],
14 silly audit   'css-select': [ '5.2.2' ],
14 silly audit   'css-tree': [ '1.1.3' ],
14 silly audit   'source-map': [ '0.6.1', '0.5.7' ],
14 silly audit   'css-what': [ '6.2.2' ],
14 silly audit   'css.escape': [ '1.5.1' ],
14 silly audit   csstype: [ '3.2.3' ],
14 silly audit   'data-view-buffer': [ '1.0.2' ],
14 silly audit   'data-view-byte-length': [ '1.0.2' ],
14 silly audit   'data-view-byte-offset': [ '1.0.1' ],
14 silly audit   'decode-uri-component': [ '0.2.2' ],
14 silly audit   'deep-is': [ '0.1.4' ],
14 silly audit   deepmerge: [ '4.3.1' ],
14 silly audit   defaults: [ '1.0.4' ],
14 silly audit   'define-data-property': [ '1.1.4' ],
14 silly audit   'define-properties': [ '1.2.1' ],
14 silly audit   depd: [ '2.0.0' ],
14 silly audit   dequal: [ '2.0.3' ],
14 silly audit   destroy: [ '1.2.0' ],
14 silly audit   'detect-libc': [ '2.1.2' ],
14 silly audit   'detect-node-es': [ '1.1.0' ],
14 silly audit   'dnssd-advertise': [ '1.1.4' ],
14 silly audit   doctrine: [ '2.1.0' ],
14 silly audit   'dom-serializer': [ '2.0.0' ],
14 silly audit   domelementtype: [ '2.3.0' ],
14 silly audit   domhandler: [ '5.0.3' ],
14 silly audit   domutils: [ '3.2.2' ],
14 silly audit   'dunder-proto': [ '1.0.1' ],
14 silly audit   'ee-first': [ '1.1.1' ],
14 silly audit   'electron-to-chromium': [ '1.5.368' ],
14 silly audit   'emoji-regex': [ '8.0.0' ],
14 silly audit   encodeurl: [ '1.0.2', '2.0.0' ],
14 silly audit   entities: [ '4.5.0' ],
14 silly audit   'error-stack-parser': [ '2.1.4' ],
14 silly audit   'es-abstract': [ '1.24.2' ],
14 silly audit   'es-define-property': [ '1.0.1' ],
14 silly audit   'es-errors': [ '1.3.0' ],
14 silly audit   'es-iterator-helpers': [ '1.3.2' ],
14 silly audit   'es-object-atoms': [ '1.1.2' ],
14 silly audit   'es-set-tostringtag': [ '2.1.0' ],
14 silly audit   'es-shim-unscopables': [ '1.1.0' ],
14 silly audit   'es-to-primitive': [ '1.3.0' ],
14 silly audit   escalade: [ '3.2.0' ],
14 silly audit   'escape-html': [ '1.0.3' ],
14 silly audit   'escape-string-regexp': [ '4.0.0', '1.0.5' ],
14 silly audit   eslint: [ '9.39.4' ],
14 silly audit   'eslint-config-expo': [ '56.0.4' ],
14 silly audit   globals: [ '16.5.0', '14.0.0' ],
14 silly audit   'eslint-import-resolver-node': [ '0.3.10' ],
14 silly audit   resolve: [ '2.0.0-next.7', '1.22.12' ],
14 silly audit   'eslint-import-resolver-typescript': [ '3.10.1' ],
14 silly audit   'eslint-module-utils': [ '2.13.0' ],
14 silly audit   'eslint-plugin-expo': [ '1.0.3' ],
14 silly audit   'eslint-plugin-import': [ '2.32.0' ],
14 silly audit   'eslint-plugin-react': [ '7.37.5' ],
14 silly audit   'eslint-plugin-react-hooks': [ '7.1.1' ],
14 silly audit   'hermes-estree': [ '0.25.1', '0.33.3', '0.35.0' ],
14 silly audit   'hermes-parser': [ '0.25.1', '0.33.3', '0.35.0' ],
14 silly audit   'eslint-scope': [ '8.4.0' ],
14 silly audit   espree: [ '10.4.0' ],
14 silly audit   esquery: [ '1.7.0' ],
14 silly audit   esrecurse: [ '4.3.0' ],
14 silly audit   estraverse: [ '5.3.0' ],
14 silly audit   esutils: [ '2.0.3' ],
14 silly audit   etag: [ '1.8.1' ],
14 silly audit   'event-target-shim': [ '5.0.1' ],
14 silly audit   expo: [ '56.0.9' ],
14 silly audit   'expo-application': [ '56.0.3' ],
14 silly audit   'expo-asset': [ '56.0.16' ],
14 silly audit   'expo-constants': [ '56.0.17' ],
14 silly audit   'expo-dev-client': [ '56.0.19' ],
14 silly audit   'expo-dev-launcher': [ '56.0.19' ],
14 silly audit   'expo-dev-menu': [ '56.0.16' ],
14 silly audit   'expo-dev-menu-interface': [ '56.0.1' ],
14 silly audit   'expo-device': [ '56.0.4' ],
14 silly audit   'expo-file-system': [ '56.0.7' ],
14 silly audit   'expo-font': [ '56.0.5' ],
14 silly audit   'expo-glass-effect': [ '56.0.4' ],
14 silly audit   'expo-image': [ '56.0.10' ],
14 silly audit   'expo-image-loader': [ '56.0.3' ],
14 silly audit   'expo-image-picker': [ '56.0.16' ],
14 silly audit   'expo-json-utils': [ '56.0.0' ],
14 silly audit   'expo-keep-awake': [ '56.0.3' ],
14 silly audit   'expo-linking': [ '56.0.13' ],
14 silly audit   'expo-manifests': [ '56.0.4' ],
14 silly audit   'expo-modules-autolinking': [ '56.0.15' ],
14 silly audit   'expo-modules-core': [ '56.0.15' ],
14 silly audit   'expo-modules-jsi': [ '56.0.8' ],
14 silly audit   'expo-notifications': [ '56.0.16' ],
14 silly audit   'expo-router': [ '56.2.9' ],
14 silly audit   'expo-server': [ '56.0.5' ],
14 silly audit   'expo-splash-screen': [ '56.0.10' ],
14 silly audit   'expo-status-bar': [ '56.0.4' ],
14 silly audit   'expo-symbols': [ '56.0.6' ],
14 silly audit   'expo-system-ui': [ '56.0.5' ],
14 silly audit   'expo-updates-interface': [ '56.0.2' ],
14 silly audit   'expo-web-browser': [ '56.0.5' ],
14 silly audit   'expo-widgets': [ '56.0.19' ],
14 silly audit   '@expo/cli': [ '56.1.14' ],
14 silly audit   '@expo/router-server': [ '56.0.13' ],
14 silly audit   'mime-db': [ '1.52.0', '1.54.0' ],
14 silly audit   'mime-types': [ '2.1.35', '3.0.2' ],
14 silly audit   ws: [ '8.21.0', '7.5.11' ],
14 silly audit   'exponential-backoff': [ '3.1.3' ],
14 silly audit   'fast-deep-equal': [ '3.1.3' ],
14 silly audit   'fast-json-stable-stringify': [ '2.1.0' ],
14 silly audit   'fast-levenshtein': [ '2.0.6' ],
14 silly audit   'fb-dotslash': [ '0.5.8' ],
14 silly audit   'fb-watchman': [ '2.0.2' ],
14 silly audit   fbjs: [ '3.0.5' ],
14 silly audit   'fbjs-css-vars': [ '1.0.2' ],
14 silly audit   promise: [ '7.3.1', '8.3.0' ],
14 silly audit   'ua-parser-js': [ '1.0.41', '0.7.41' ],
14 silly audit   fdir: [ '6.5.0' ],
14 silly audit   'fetch-nodeshim': [ '0.4.10' ],
14 silly audit   'file-entry-cache': [ '8.0.0' ],
14 silly audit   'fill-range': [ '7.1.1' ],
14 silly audit   'filter-obj': [ '1.1.0' ],
14 silly audit   finalhandler: [ '1.1.2' ],
14 silly audit   'find-up': [ '5.0.0' ],
14 silly audit   'flat-cache': [ '4.0.1' ],
14 silly audit   flatted: [ '3.4.2' ],
14 silly audit   'flow-enums-runtime': [ '0.0.6' ],
14 silly audit   fontfaceobserver: [ '2.3.0' ],
14 silly audit   'for-each': [ '0.3.5' ],
14 silly audit   fresh: [ '0.5.2' ],
14 silly audit   'function-bind': [ '1.1.2' ],
14 silly audit   'function.prototype.name': [ '1.1.8' ],
14 silly audit   'functions-have-names': [ '1.2.3' ],
14 silly audit   'generator-function': [ '2.0.1' ],
14 silly audit   gensync: [ '1.0.0-beta.2' ],
14 silly audit   'get-caller-file': [ '2.0.5' ],
14 silly audit   'get-intrinsic': [ '1.3.0' ],
14 silly audit   'get-nonce': [ '1.0.1' ],
14 silly audit   'get-proto': [ '1.0.1' ],
14 silly audit   'get-symbol-description': [ '1.1.0' ],
14 silly audit   'get-tsconfig': [ '4.14.0' ],
14 silly audit   getenv: [ '2.0.0' ],
14 silly audit   glob: [ '13.0.6' ],
14 silly audit   'glob-parent': [ '6.0.2' ],
14 silly audit   globalthis: [ '1.0.4' ],
14 silly audit   gopd: [ '1.2.0' ],
14 silly audit   'graceful-fs': [ '4.2.11' ],
14 silly audit   'has-bigints': [ '1.1.0' ],
14 silly audit   'has-flag': [ '4.0.0', '3.0.0' ],
14 silly audit   'has-property-descriptors': [ '1.0.2' ],
14 silly audit   'has-proto': [ '1.2.0' ],
14 silly audit   'has-symbols': [ '1.1.0' ],
14 silly audit   'has-tostringtag': [ '1.0.2' ],
14 silly audit   hasown: [ '2.0.4' ],
14 silly audit   'hermes-compiler': [ '250829098.0.10' ],
14 silly audit   'hoist-non-react-statics': [ '3.3.2' ],
14 silly audit   'hosted-git-info': [ '7.0.2' ],
14 silly audit   'lru-cache': [ '10.4.3', '5.1.1', '11.5.1' ],
14 silly audit   'http-errors': [ '2.0.1' ],
14 silly audit   statuses: [ '2.0.2', '1.5.0' ],
14 silly audit   'https-proxy-agent': [ '7.0.6' ],
14 silly audit   'hyphenate-style-name': [ '1.1.0' ],
14 silly audit   'iceberg-js': [ '0.8.1' ],
14 silly audit   ieee754: [ '1.2.1' ],
14 silly audit   'image-size': [ '1.2.1' ],
14 silly audit   'import-fresh': [ '3.3.1' ],
14 silly audit   'resolve-from': [ '4.0.0', '5.0.0' ],
14 silly audit   imurmurhash: [ '0.1.4' ],
14 silly audit   'indent-string': [ '4.0.0' ],
14 silly audit   inherits: [ '2.0.4' ],
14 silly audit   'inline-style-prefixer': [ '7.0.1' ],
14 silly audit   'internal-slot': [ '1.1.0' ],
14 silly audit   invariant: [ '2.2.4' ],
14 silly audit   'is-array-buffer': [ '3.0.5' ],
14 silly audit   'is-arrayish': [ '0.3.4' ],
14 silly audit   'is-async-function': [ '2.1.1' ],
14 silly audit   'is-bigint': [ '1.1.0' ],
14 silly audit   'is-boolean-object': [ '1.2.2' ],
14 silly audit   'is-bun-module': [ '2.0.0' ],
14 silly audit   'is-callable': [ '1.2.7' ],
14 silly audit   'is-core-module': [ '2.16.2' ],
14 silly audit   'is-data-view': [ '1.0.2' ],
14 silly audit   'is-date-object': [ '1.1.0' ],
14 silly audit   'is-docker': [ '2.2.1' ],
14 silly audit   'is-extglob': [ '2.1.1' ],
14 silly audit   'is-finalizationregistry': [ '1.1.1' ],
14 silly audit   'is-fullwidth-code-point': [ '3.0.0' ],
14 silly audit   'is-generator-function': [ '1.1.2' ],
14 silly audit   'is-glob': [ '4.0.3' ],
14 silly audit   'is-map': [ '2.0.3' ],
14 silly audit   'is-negative-zero': [ '2.0.3' ],
14 silly audit   'is-number': [ '7.0.0' ],
14 silly audit   'is-number-object': [ '1.1.1' ],
14 silly audit   'is-plain-obj': [ '2.1.0' ],
14 silly audit   'is-regex': [ '1.2.1' ],
14 silly audit   'is-set': [ '2.0.3' ],
14 silly audit   'is-shared-array-buffer': [ '1.0.4' ],
14 silly audit   'is-string': [ '1.1.1' ],
14 silly audit   'is-symbol': [ '1.1.1' ],
14 silly audit   'is-typed-array': [ '1.1.15' ],
14 silly audit   'is-weakmap': [ '2.0.2' ],
14 silly audit   'is-weakref': [ '1.1.1' ],
14 silly audit   'is-weakset': [ '2.0.4' ],
14 silly audit   'is-wsl': [ '2.2.0' ],
14 silly audit   isarray: [ '2.0.5' ],
14 silly audit   isexe: [ '2.0.0' ],
14 silly audit   'iterator.prototype': [ '1.1.5' ],
14 silly audit   'jest-get-type': [ '29.6.3' ],
14 silly audit   'jest-util': [ '29.7.0' ],
14 silly audit   picomatch: [ '2.3.2', '4.0.4' ],
14 silly audit   'jest-validate': [ '29.7.0' ],
14 silly audit   'jest-worker': [ '29.7.0' ],
14 silly audit   'supports-color': [ '8.1.1', '5.5.0', '7.2.0' ],
14 silly audit   'jimp-compact': [ '0.16.1' ],
14 silly audit   'js-tokens': [ '4.0.0' ],
14 silly audit   'js-yaml': [ '4.2.0' ],
14 silly audit   'jsc-safe-url': [ '0.2.4' ],
14 silly audit   jsesc: [ '3.1.0' ],
14 silly audit   'json-buffer': [ '3.0.1' ],
14 silly audit   'json-schema-traverse': [ '0.4.1' ],
14 silly audit   'json-stable-stringify-without-jsonify': [ '1.0.1' ],
14 silly audit   json5: [ '2.2.3', '1.0.2' ],
14 silly audit   'jsx-ast-utils': [ '3.3.5' ],
14 silly audit   keyv: [ '4.5.4' ],
14 silly audit   kleur: [ '3.0.3' ],
14 silly audit   'lan-network': [ '0.2.1' ],
14 silly audit   leven: [ '3.1.0' ],
14 silly audit   levn: [ '0.4.1' ],
14 silly audit   'lighthouse-logger': [ '1.4.2' ],
14 silly audit   lightningcss: [ '1.32.0' ],
14 silly audit   'lightningcss-android-arm64': [ '1.32.0' ],
14 silly audit   'lightningcss-darwin-arm64': [ '1.32.0' ],
14 silly audit   'lightningcss-darwin-x64': [ '1.32.0' ],
14 silly audit   'lightningcss-freebsd-x64': [ '1.32.0' ],
14 silly audit   'lightningcss-linux-arm-gnueabihf': [ '1.32.0' ],
14 silly audit   'lightningcss-linux-arm64-gnu': [ '1.32.0' ],
14 silly audit   'lightningcss-linux-arm64-musl': [ '1.32.0' ],
14 silly audit   'lightningcss-linux-x64-gnu': [ '1.32.0' ],
14 silly audit   'lightningcss-linux-x64-musl': [ '1.32.0' ],
14 silly audit   'lightningcss-win32-arm64-msvc': [ '1.32.0' ],
14 silly audit   'lightningcss-win32-x64-msvc': [ '1.32.0' ],
14 silly audit   'locate-path': [ '6.0.0' ],
14 silly audit   'lodash.debounce': [ '4.0.8' ],
14 silly audit   'lodash.merge': [ '4.6.2' ],
14 silly audit   'lodash.throttle': [ '4.1.1' ],
14 silly audit   'log-symbols': [ '2.2.0' ],
14 silly audit   'loose-envify': [ '1.4.0' ],
14 silly audit   'lucide-react-native': [ '1.17.0' ],
14 silly audit   'lz-string': [ '1.5.0' ],
14 silly audit   makeerror: [ '1.0.12' ],
14 silly audit   marky: [ '1.3.0' ],
14 silly audit   'math-intrinsics': [ '1.1.0' ],
14 silly audit   'mdn-data': [ '2.0.14' ],
14 silly audit   'memoize-one': [ '5.2.1', '6.0.0' ],
14 silly audit   'merge-options': [ '3.0.4' ],
14 silly audit   'merge-stream': [ '2.0.0' ],
14 silly audit   metro: [ '0.84.4' ],
14 silly audit   'metro-babel-transformer': [ '0.84.4' ],
14 silly audit   'metro-cache': [ '0.84.4' ],
14 silly audit   'metro-cache-key': [ '0.84.4' ],
14 silly audit   'metro-config': [ '0.84.4' ],
14 silly audit   'metro-core': [ '0.84.4' ],
14 silly audit   'metro-file-map': [ '0.84.4' ],
14 silly audit   'metro-minify-terser': [ '0.84.4' ],
14 silly audit   'metro-resolver': [ '0.84.4' ],
14 silly audit   'metro-runtime': [ '0.84.4' ],
14 silly audit   'metro-source-map': [ '0.84.4' ],
14 silly audit   'metro-symbolicate': [ '0.84.4' ],
14 silly audit   'metro-transform-plugins': [ '0.84.4' ],
14 silly audit   'metro-transform-worker': [ '0.84.4' ],
14 silly audit   micromatch: [ '4.0.8' ],
14 silly audit   mime: [ '1.6.0' ],
14 silly audit   'mimic-fn': [ '1.2.0' ],
14 silly audit   'min-indent': [ '1.0.1' ],
14 silly audit   minimist: [ '1.2.8' ],
14 silly audit   minipass: [ '7.1.3' ],
14 silly audit   mkdirp: [ '1.0.4' ],
14 silly audit   msgpackr: [ '2.0.2' ],
14 silly audit   'msgpackr-extract': [ '3.0.4' ],
14 silly audit   multitars: [ '1.0.0' ],
14 silly audit   nanoid: [ '3.3.12' ],
14 silly audit   'napi-postinstall': [ '0.3.4' ],
14 silly audit   'natural-compare': [ '1.4.0' ],
14 silly audit   'node-exports-info': [ '1.6.0' ],
14 silly audit   'node-fetch': [ '2.7.0' ],
14 silly audit   'node-forge': [ '1.4.0' ],
14 silly audit   'node-gyp-build-optional-packages': [ '5.2.2' ],
14 silly audit   'node-int64': [ '0.4.0' ],
14 silly audit   'node-releases': [ '2.0.47' ],
14 silly audit   'npm-package-arg': [ '11.0.3' ],
14 silly audit   'nth-check': [ '2.1.1' ],
14 silly audit   nullthrows: [ '1.1.1' ],
14 silly audit   ob1: [ '0.84.4' ],
14 silly audit   'object-assign': [ '4.1.1' ],
14 silly audit   'object-inspect': [ '1.13.4' ],
14 silly audit   'object-keys': [ '1.1.1' ],
14 silly audit   'object.assign': [ '4.1.7' ],
14 silly audit   'object.entries': [ '1.1.9' ],
14 silly audit   'object.fromentries': [ '2.0.8' ],
14 silly audit   'object.groupby': [ '1.0.3' ],
14 silly audit   'object.values': [ '1.2.1' ],
14 silly audit   'on-finished': [ '2.3.0', '2.4.1' ],
14 silly audit   'on-headers': [ '1.1.0' ],
14 silly audit   onetime: [ '2.0.1' ],
14 silly audit   open: [ '7.4.2' ],
14 silly audit   optionator: [ '0.9.4' ],
14 silly audit   ora: [ '3.4.0' ],
14 silly audit   'strip-ansi': [ '5.2.0', '6.0.1' ],
14 silly audit   'own-keys': [ '1.0.1' ],
14 silly audit   'p-limit': [ '3.1.0' ],
14 silly audit   'p-locate': [ '5.0.0' ],
14 silly audit   'parent-module': [ '1.0.1' ],
14 silly audit   'parse-png': [ '2.1.0' ],
14 silly audit   parseurl: [ '1.3.3' ],
14 silly audit   'path-exists': [ '4.0.0' ],
14 silly audit   'path-key': [ '3.1.1' ],
14 silly audit   'path-parse': [ '1.0.7' ],
14 silly audit   'path-scurry': [ '2.0.2' ],
14 silly audit   picocolors: [ '1.1.1' ],
14 silly audit   plist: [ '3.1.1' ],
14 silly audit   pngjs: [ '3.4.0' ],
14 silly audit   'possible-typed-array-names': [ '1.1.0' ],
14 silly audit   postcss: [ '8.5.15' ],
14 silly audit   'postcss-value-parser': [ '4.2.0' ],
14 silly audit   'prelude-ls': [ '1.2.1' ],
14 silly audit   'proc-log': [ '4.2.0' ],
14 silly audit   progress: [ '2.0.3' ],
14 silly audit   prompts: [ '2.4.2' ],
14 silly audit   'prop-types': [ '15.8.1' ],
14 silly audit   punycode: [ '2.3.1' ],
14 silly audit   'query-string': [ '7.1.3' ],
14 silly audit   queue: [ '6.0.2' ],
14 silly audit   'range-parser': [ '1.2.1' ],
14 silly audit   react: [ '19.2.3' ],
14 silly audit   'react-devtools-core': [ '6.1.5' ],
14 silly audit   'react-dom': [ '19.2.3' ],
14 silly audit   'react-fast-compare': [ '3.2.2' ],
14 silly audit   'react-freeze': [ '1.0.4' ],
14 silly audit   'react-native': [ '0.85.3' ],
14 silly audit   'react-native-drawer-layout': [ '4.2.4' ],
14 silly audit   'react-native-gesture-handler': [ '2.31.2' ],
14 silly audit   'react-native-is-edge-to-edge': [ '1.3.1' ],
14 silly audit   'react-native-reanimated': [ '4.3.1' ],
14 silly audit   'react-native-safe-area-context': [ '5.7.0' ],
14 silly audit   'react-native-screens': [ '4.25.2' ],
14 silly audit   'react-native-svg': [ '15.15.4' ],
14 silly audit   'react-native-url-polyfill': [ '3.0.0' ],
14 silly audit   'react-native-web': [ '0.21.2' ],
14 silly audit   'react-native-worklets': [ '0.8.3' ],
14 silly audit   'react-refresh': [ '0.14.2' ],
14 silly audit   'react-remove-scroll': [ '2.7.2' ],
14 silly audit   'react-remove-scroll-bar': [ '2.3.8' ],
14 silly audit   'react-style-singleton': [ '2.2.3' ],
14 silly audit   redent: [ '3.0.0' ],
14 silly audit   'reflect.getprototypeof': [ '1.0.10' ],
14 silly audit   regenerate: [ '1.4.2' ],
14 silly audit   'regenerate-unicode-properties': [ '10.2.2' ],
14 silly audit   'regenerator-runtime': [ '0.13.11' ],
14 silly audit   'regexp.prototype.flags': [ '1.5.4' ],
14 silly audit   'regexpu-core': [ '6.4.0' ],
14 silly audit   regjsgen: [ '0.8.0' ],
14 silly audit   regjsparser: [ '0.13.1' ],
14 silly audit   'require-directory': [ '2.1.1' ],
14 silly audit   'resolve-pkg-maps': [ '1.0.0' ],
14 silly audit   'resolve-workspace-root': [ '2.0.1' ],
14 silly audit   'restore-cursor': [ '2.0.0' ],
14 silly audit   'safe-array-concat': [ '1.1.4' ],
14 silly audit   'safe-buffer': [ '5.2.1' ],
14 silly audit   'safe-push-apply': [ '1.0.0' ],
14 silly audit   'safe-regex-test': [ '1.1.0' ],
14 silly audit   sax: [ '1.6.0' ],
14 silly audit   scheduler: [ '0.27.0' ],
14 silly audit   send: [ '0.19.2' ],
14 silly audit   'serialize-error': [ '2.1.0' ],
14 silly audit   'serve-static': [ '1.16.3' ],
14 silly audit   'server-only': [ '0.0.1' ],
14 silly audit   'set-function-length': [ '1.2.2' ],
14 silly audit   'set-function-name': [ '2.0.2' ],
14 silly audit   'set-proto': [ '1.0.0' ],
14 silly audit   setimmediate: [ '1.0.5' ],
14 silly audit   setprototypeof: [ '1.2.0' ],
14 silly audit   'sf-symbols-typescript': [ '2.2.0' ],
14 silly audit   shallowequal: [ '1.1.0' ],
14 silly audit   'shebang-command': [ '2.0.0' ],
14 silly audit   'shebang-regex': [ '3.0.0' ],
14 silly audit   'shell-quote': [ '1.8.4' ],
14 silly audit   'side-channel': [ '1.1.0' ],
14 silly audit   'side-channel-list': [ '1.0.1' ],
14 silly audit   'side-channel-map': [ '1.0.1' ],
14 silly audit   'side-channel-weakmap': [ '1.0.2' ],
14 silly audit   'signal-exit': [ '3.0.7' ],
14 silly audit   'simple-plist': [ '1.3.1' ],
14 silly audit   'simple-swizzle': [ '0.2.4' ],
14 silly audit   sisteransi: [ '1.0.5' ],
14 silly audit   slugify: [ '1.6.9' ],
14 silly audit   'source-map-js': [ '1.2.1' ],
14 silly audit   'source-map-support': [ '0.5.21' ],
14 silly audit   'split-on-first': [ '1.1.0' ],
14 silly audit   'stable-hash': [ '0.0.5' ],
14 silly audit   stackframe: [ '1.3.4' ],
14 silly audit   'stacktrace-parser': [ '0.1.11' ],
14 silly audit   'stop-iteration-iterator': [ '1.1.0' ],
14 silly audit   'stream-buffers': [ '2.2.0' ],
14 silly audit   'strict-uri-encode': [ '2.0.0' ],
14 silly audit   'string-width': [ '4.2.3' ],
14 silly audit   'string.prototype.matchall': [ '4.0.12' ],
14 silly audit   'string.prototype.repeat': [ '1.0.0' ],
14 silly audit   'string.prototype.trim': [ '1.2.11' ],
14 silly audit   'string.prototype.trimend': [ '1.0.9' ],
14 silly audit   'string.prototype.trimstart': [ '1.0.8' ],
14 silly audit   'strip-bom': [ '3.0.0' ],
14 silly audit   'strip-indent': [ '3.0.0' ],
14 silly audit   'strip-json-comments': [ '3.1.1' ],
14 silly audit   'structured-headers': [ '0.4.1' ],
14 silly audit   styleq: [ '0.1.3' ],
14 silly audit   supabase: [ '2.105.0' ],
14 silly audit   'supports-hyperlinks': [ '2.3.0' ],
14 silly audit   'supports-preserve-symlinks-flag': [ '1.0.0' ],
14 silly audit   'terminal-link': [ '2.1.1' ],
14 silly audit   terser: [ '5.48.0' ],
14 silly audit   throat: [ '5.0.0' ],
14 silly audit   tinyglobby: [ '0.2.17' ],
14 silly audit   tmpl: [ '1.0.5' ],
14 silly audit   'to-regex-range': [ '5.0.1' ],
14 silly audit   toidentifier: [ '1.0.1' ],
14 silly audit   toqr: [ '0.1.1' ],
14 silly audit   tr46: [ '0.0.3' ],
14 silly audit   'ts-api-utils': [ '2.5.0' ],
14 silly audit   'tsconfig-paths': [ '3.15.0' ],
14 silly audit   tslib: [ '2.8.1' ],
14 silly audit   'type-check': [ '0.4.0' ],
14 silly audit   'typed-array-buffer': [ '1.0.3' ],
14 silly audit   'typed-array-byte-length': [ '1.0.3' ],
14 silly audit   'typed-array-byte-offset': [ '1.0.4' ],
14 silly audit   'typed-array-length': [ '1.0.8' ],
14 silly audit   typescript: [ '6.0.3' ],
14 silly audit   'unbox-primitive': [ '1.1.0' ],
14 silly audit   'undici-types': [ '7.24.6' ],
14 silly audit   'unicode-canonical-property-names-ecmascript': [ '2.0.1' ],
14 silly audit   'unicode-match-property-ecmascript': [ '2.0.0' ],
14 silly audit   'unicode-match-property-value-ecmascript': [ '2.2.1' ],
14 silly audit   'unicode-property-aliases-ecmascript': [ '2.2.0' ],
14 silly audit   unpipe: [ '1.0.0' ],
14 silly audit   'unrs-resolver': [ '1.12.2' ],
14 silly audit   'update-browserslist-db': [ '1.2.3' ],
14 silly audit   'uri-js': [ '4.4.1' ],
14 silly audit   'use-callback-ref': [ '1.3.3' ],
14 silly audit   'use-latest-callback': [ '0.2.6' ],
14 silly audit   'use-sidecar': [ '1.1.3' ],
14 silly audit   'utils-merge': [ '1.0.1' ],
14 silly audit   uuid: [ '7.0.3' ],
14 silly audit   'validate-npm-package-name': [ '5.0.1' ],
14 silly audit   vary: [ '1.1.2' ],
14 silly audit   vaul: [ '1.1.2' ],
14 silly audit   vlq: [ '1.0.1' ],
14 silly audit   walker: [ '1.0.8' ],
14 silly audit   'warn-once': [ '0.1.1' ],
14 silly audit   wcwidth: [ '1.0.1' ],
14 silly audit   'webidl-conversions': [ '3.0.1', '5.0.0' ],
14 silly audit   'whatwg-fetch': [ '3.6.20' ],
14 silly audit   'whatwg-url': [ '5.0.0' ],
14 silly audit   'whatwg-url-minimum': [ '0.1.2' ],
14 silly audit   'whatwg-url-without-unicode': [ '8.0.0-3' ],
14 silly audit   which: [ '2.0.2' ],
14 silly audit   'which-boxed-primitive': [ '1.1.1' ],
14 silly audit   'which-builtin-type': [ '1.2.1' ],
14 silly audit   'which-collection': [ '1.0.2' ],
14 silly audit   'which-typed-array': [ '1.1.22' ],
14 silly audit   'word-wrap': [ '1.2.5' ],
14 silly audit   'wrap-ansi': [ '7.0.0' ],
14 silly audit   xcode: [ '3.0.1' ],
14 silly audit   xml2js: [ '0.6.0' ],
14 silly audit   xmlbuilder: [ '11.0.1', '15.1.1' ],
14 silly audit   y18n: [ '5.0.8' ],
14 silly audit   yallist: [ '3.1.1' ],
14 silly audit   yaml: [ '2.9.0' ],
14 silly audit   yargs: [ '17.7.2' ],
14 silly audit   'yargs-parser': [ '21.1.1' ],
14 silly audit   'yocto-queue': [ '0.1.0' ],
14 silly audit   zod: [ '3.25.76' ],
14 silly audit   'zod-validation-error': [ '4.0.2' ]
14 silly audit }
15 http fetch POST 200 https://registry.npmjs.org/-/npm/v1/security/advisories/bulk 1000ms
16 silly audit report {
16 silly audit report   uuid: [
16 silly audit report     {
16 silly audit report       id: 1119441,
16 silly audit report       url: 'https://github.com/advisories/GHSA-w5hq-g745-h8pq',
16 silly audit report       title: 'uuid: Missing buffer bounds check in v3/v5/v6 when buf is provided',
16 silly audit report       severity: 'moderate',
16 silly audit report       vulnerable_versions: '<11.1.1',
16 silly audit report       cwe: [Array],
16 silly audit report       cvss: [Object]
16 silly audit report     }
16 silly audit report   ]
16 silly audit report }
17 silly packumentCache corgi:https://registry.npmjs.org/uuid cache-miss
18 http fetch GET 200 https://registry.npmjs.org/uuid 106ms (cache miss)
19 silly packumentCache corgi:https://registry.npmjs.org/uuid set size:undefined disposed:false
20 silly packumentCache corgi:https://registry.npmjs.org/xcode cache-miss
21 http fetch GET 200 https://registry.npmjs.org/xcode 443ms (cache miss)
22 silly packumentCache corgi:https://registry.npmjs.org/xcode set size:undefined disposed:false
23 silly packumentCache corgi:https://registry.npmjs.org/@expo%2fconfig-plugins cache-miss
24 http fetch GET 200 https://registry.npmjs.org/@expo%2fconfig-plugins 234ms (cache miss)
25 silly packumentCache corgi:https://registry.npmjs.org/@expo%2fconfig-plugins set size:undefined disposed:false
26 silly packumentCache corgi:https://registry.npmjs.org/@expo%2fconfig cache-miss
27 silly packumentCache corgi:https://registry.npmjs.org/@expo%2finline-modules cache-miss
28 silly packumentCache corgi:https://registry.npmjs.org/@expo%2fprebuild-config cache-miss
29 silly packumentCache corgi:https://registry.npmjs.org/expo cache-miss
30 silly packumentCache corgi:https://registry.npmjs.org/expo-splash-screen cache-miss
31 silly packumentCache corgi:https://registry.npmjs.org/@expo%2fcli cache-miss
32 http fetch GET 200 https://registry.npmjs.org/expo-splash-screen 264ms (cache miss)
33 silly packumentCache corgi:https://registry.npmjs.org/expo-splash-screen set size:undefined disposed:false
34 http fetch GET 200 https://registry.npmjs.org/@expo%2fcli 344ms (cache miss)
35 silly packumentCache corgi:https://registry.npmjs.org/@expo%2fcli set size:undefined disposed:false
36 http fetch GET 200 https://registry.npmjs.org/@expo%2fconfig 443ms (cache miss)
37 silly packumentCache corgi:https://registry.npmjs.org/@expo%2fconfig set size:undefined disposed:false
38 http fetch GET 200 https://registry.npmjs.org/expo 545ms (cache miss)
39 silly packumentCache corgi:https://registry.npmjs.org/expo set size:undefined disposed:false
40 http fetch GET 200 https://registry.npmjs.org/@expo%2finline-modules 841ms (cache miss)
41 silly packumentCache corgi:https://registry.npmjs.org/@expo%2finline-modules set size:undefined disposed:false
42 http fetch GET 200 https://registry.npmjs.org/@expo%2fprebuild-config 1268ms (cache miss)
43 silly packumentCache corgi:https://registry.npmjs.org/@expo%2fprebuild-config set size:undefined disposed:false
44 silly packumentCache corgi:https://registry.npmjs.org/@expo%2flocal-build-cache-provider cache-miss
45 silly packumentCache corgi:https://registry.npmjs.org/@expo%2fmetro-config cache-miss
46 http fetch GET 200 https://registry.npmjs.org/@expo%2flocal-build-cache-provider 306ms (cache miss)
47 silly packumentCache corgi:https://registry.npmjs.org/@expo%2flocal-build-cache-provider set size:undefined disposed:false
48 http fetch GET 200 https://registry.npmjs.org/@expo%2fmetro-config 618ms (cache miss)
49 silly packumentCache corgi:https://registry.npmjs.org/@expo%2fmetro-config set size:undefined disposed:false
50 silly packumentCache corgi:https://registry.npmjs.org/@expo%2fdom-webview cache-miss
51 silly packumentCache corgi:https://registry.npmjs.org/@expo%2flog-box cache-miss
52 silly packumentCache corgi:https://registry.npmjs.org/@expo%2fmetro-runtime cache-miss
53 silly packumentCache corgi:https://registry.npmjs.org/@expo%2fui cache-miss
54 silly packumentCache corgi:https://registry.npmjs.org/babel-preset-expo cache-miss
55 silly packumentCache corgi:https://registry.npmjs.org/expo-application cache-miss
56 silly packumentCache corgi:https://registry.npmjs.org/expo-asset cache-miss
57 silly packumentCache corgi:https://registry.npmjs.org/expo-constants cache-miss
58 silly packumentCache corgi:https://registry.npmjs.org/expo-dev-client cache-miss
59 silly packumentCache corgi:https://registry.npmjs.org/expo-dev-launcher cache-miss
60 silly packumentCache corgi:https://registry.npmjs.org/expo-dev-menu cache-miss
61 silly packumentCache corgi:https://registry.npmjs.org/expo-dev-menu-interface cache-miss
62 silly packumentCache corgi:https://registry.npmjs.org/expo-device cache-miss
63 silly packumentCache corgi:https://registry.npmjs.org/expo-file-system cache-miss
64 silly packumentCache corgi:https://registry.npmjs.org/expo-font cache-miss
65 silly packumentCache corgi:https://registry.npmjs.org/expo-glass-effect cache-miss
66 silly packumentCache corgi:https://registry.npmjs.org/expo-image cache-miss
67 silly packumentCache corgi:https://registry.npmjs.org/expo-image-loader cache-miss
68 silly packumentCache corgi:https://registry.npmjs.org/expo-image-picker cache-miss
69 silly packumentCache corgi:https://registry.npmjs.org/expo-keep-awake cache-miss
70 silly packumentCache corgi:https://registry.npmjs.org/expo-manifests cache-miss
71 silly packumentCache corgi:https://registry.npmjs.org/expo-notifications cache-miss
72 silly packumentCache corgi:https://registry.npmjs.org/expo-router cache-miss
73 silly packumentCache corgi:https://registry.npmjs.org/expo-status-bar cache-miss
74 silly packumentCache corgi:https://registry.npmjs.org/expo-symbols cache-miss
75 silly packumentCache corgi:https://registry.npmjs.org/expo-system-ui cache-miss
76 silly packumentCache corgi:https://registry.npmjs.org/expo-updates-interface cache-miss
77 silly packumentCache corgi:https://registry.npmjs.org/expo-web-browser cache-miss
78 silly packumentCache corgi:https://registry.npmjs.org/expo-widgets cache-miss
79 silly packumentCache corgi:https://registry.npmjs.org/@expo%2frouter-server cache-miss
80 http fetch GET 200 https://registry.npmjs.org/babel-preset-expo 293ms (cache miss)
81 silly packumentCache corgi:https://registry.npmjs.org/babel-preset-expo set size:undefined disposed:false
82 http fetch GET 200 https://registry.npmjs.org/expo-application 373ms (cache miss)
83 silly packumentCache corgi:https://registry.npmjs.org/expo-application set size:undefined disposed:false
84 http fetch GET 200 https://registry.npmjs.org/@expo%2fdom-webview 519ms (cache miss)
85 silly packumentCache corgi:https://registry.npmjs.org/@expo%2fdom-webview set size:undefined disposed:false
86 http fetch GET 200 https://registry.npmjs.org/expo-glass-effect 541ms (cache miss)
87 silly packumentCache corgi:https://registry.npmjs.org/expo-glass-effect set size:undefined disposed:false
88 http fetch GET 200 https://registry.npmjs.org/expo-font 595ms (cache miss)
89 silly packumentCache corgi:https://registry.npmjs.org/expo-font set size:undefined disposed:false
90 http fetch GET 200 https://registry.npmjs.org/@expo%2fmetro-runtime 702ms (cache miss)
91 silly packumentCache corgi:https://registry.npmjs.org/@expo%2fmetro-runtime set size:undefined disposed:false
92 http fetch GET 200 https://registry.npmjs.org/expo-image-picker 723ms (cache miss)
93 silly packumentCache corgi:https://registry.npmjs.org/expo-image-picker set size:undefined disposed:false
94 http fetch GET 200 https://registry.npmjs.org/expo-file-system 770ms (cache miss)
95 silly packumentCache corgi:https://registry.npmjs.org/expo-file-system set size:undefined disposed:false
96 http fetch GET 200 https://registry.npmjs.org/expo-dev-menu-interface 833ms (cache miss)
97 silly packumentCache corgi:https://registry.npmjs.org/expo-dev-menu-interface set size:undefined disposed:false
98 http fetch GET 200 https://registry.npmjs.org/expo-device 859ms (cache miss)
99 silly packumentCache corgi:https://registry.npmjs.org/expo-device set size:undefined disposed:false
100 http fetch GET 200 https://registry.npmjs.org/@expo%2flog-box 880ms (cache miss)
101 silly packumentCache corgi:https://registry.npmjs.org/@expo%2flog-box set size:undefined disposed:false
102 http fetch GET 200 https://registry.npmjs.org/expo-keep-awake 898ms (cache miss)
103 silly packumentCache corgi:https://registry.npmjs.org/expo-keep-awake set size:undefined disposed:false
104 http fetch GET 200 https://registry.npmjs.org/expo-image 926ms (cache miss)
105 silly packumentCache corgi:https://registry.npmjs.org/expo-image set size:undefined disposed:false
106 http fetch GET 200 https://registry.npmjs.org/expo-dev-launcher 985ms (cache miss)
107 silly packumentCache corgi:https://registry.npmjs.org/expo-dev-launcher set size:undefined disposed:false
108 http fetch GET 200 https://registry.npmjs.org/expo-dev-client 1028ms (cache miss)
109 silly packumentCache corgi:https://registry.npmjs.org/expo-dev-client set size:undefined disposed:false
110 http fetch GET 200 https://registry.npmjs.org/expo-status-bar 1116ms (cache miss)
111 silly packumentCache corgi:https://registry.npmjs.org/expo-status-bar set size:undefined disposed:false
112 http fetch GET 200 https://registry.npmjs.org/@expo%2fui 1142ms (cache miss)
113 silly packumentCache corgi:https://registry.npmjs.org/@expo%2fui set size:undefined disposed:false
114 http fetch GET 200 https://registry.npmjs.org/expo-dev-menu 1159ms (cache miss)
115 silly packumentCache corgi:https://registry.npmjs.org/expo-dev-menu set size:undefined disposed:false
116 http fetch GET 200 https://registry.npmjs.org/expo-manifests 1184ms (cache miss)
117 silly packumentCache corgi:https://registry.npmjs.org/expo-manifests set size:undefined disposed:false
118 http fetch GET 200 https://registry.npmjs.org/expo-notifications 1212ms (cache miss)
119 silly packumentCache corgi:https://registry.npmjs.org/expo-notifications set size:undefined disposed:false
120 http fetch GET 200 https://registry.npmjs.org/expo-image-loader 1252ms (cache miss)
121 silly packumentCache corgi:https://registry.npmjs.org/expo-image-loader set size:undefined disposed:false
122 http fetch GET 200 https://registry.npmjs.org/expo-widgets 1265ms (cache miss)
123 silly packumentCache corgi:https://registry.npmjs.org/expo-widgets set size:undefined disposed:false
124 http fetch GET 200 https://registry.npmjs.org/expo-symbols 1281ms (cache miss)
125 silly packumentCache corgi:https://registry.npmjs.org/expo-symbols set size:undefined disposed:false
126 http fetch GET 200 https://registry.npmjs.org/expo-updates-interface 1296ms (cache miss)
127 silly packumentCache corgi:https://registry.npmjs.org/expo-updates-interface set size:undefined disposed:false
128 http fetch GET 200 https://registry.npmjs.org/expo-router 1319ms (cache miss)
129 silly packumentCache corgi:https://registry.npmjs.org/expo-router set size:undefined disposed:false
130 http fetch GET 200 https://registry.npmjs.org/expo-constants 1407ms (cache miss)
131 silly packumentCache corgi:https://registry.npmjs.org/expo-constants set size:undefined disposed:false
132 http fetch GET 200 https://registry.npmjs.org/expo-web-browser 1421ms (cache miss)
133 silly packumentCache corgi:https://registry.npmjs.org/expo-web-browser set size:undefined disposed:false
134 http fetch GET 200 https://registry.npmjs.org/expo-system-ui 1444ms (cache miss)
135 silly packumentCache corgi:https://registry.npmjs.org/expo-system-ui set size:undefined disposed:false
136 http fetch GET 200 https://registry.npmjs.org/@expo%2frouter-server 1468ms (cache miss)
137 silly packumentCache corgi:https://registry.npmjs.org/@expo%2frouter-server set size:undefined disposed:false
138 http fetch GET 200 https://registry.npmjs.org/expo-asset 1483ms (cache miss)
139 silly packumentCache corgi:https://registry.npmjs.org/expo-asset set size:undefined disposed:false
140 verbose cwd C:\Users\Gabriel\Desktop\Projetos Pessoais\gamificacao-app
141 verbose os Windows_NT 10.0.22631
142 verbose node v24.16.0
143 verbose npm  v11.13.0
144 verbose exit 0
145 info ok
