0 verbose cli C:\Program Files\nodejs\node.exe C:\Program Files\nodejs\node_modules\npm\bin\npm-cli.js
1 info using npm@11.13.0
2 info using node@v24.16.0
3 silly config load:file:C:\Program Files\nodejs\node_modules\npm\npmrc
4 silly config load:file:C:\Users\Gabriel\Desktop\Projetos Pessoais\gamificacao-app\.npmrc
5 silly config load:file:C:\Users\Gabriel\.npmrc
6 silly config load:file:C:\Users\Gabriel\AppData\Roaming\npm\etc\npmrc
7 verbose title npm search expo widgetkit ios widget
8 verbose argv "search" "expo" "widgetkit" "ios" "widget" "--json" "--cache" ".npm-cache"
9 verbose logfile logs-max:10 dir:C:\Users\Gabriel\Desktop\Projetos Pessoais\gamificacao-app\.npm-cache\_logs\2026-06-22T00_21_11_072Z-
10 verbose logfile C:\Users\Gabriel\Desktop\Projetos Pessoais\gamificacao-app\.npm-cache\_logs\2026-06-22T00_21_11_072Z-debug-0.log
11 silly logfile done cleaning log files
12 silly search searching packages
13 http fetch GET 200 https://registry.npmjs.org/npm 371ms
14 http fetch GET 200 https://registry.npmjs.org/-/v1/search?text=expo+widgetkit+ios+widget&size=20&from=0&quality=0.65&popularity=0.98&maintenance=0.5 1339ms (cache miss)
15 silly search search completed
16 verbose cwd C:\Users\Gabriel\Desktop\Projetos Pessoais\gamificacao-app
17 verbose os Windows_NT 10.0.22631
18 verbose node v24.16.0
19 verbose npm  v11.13.0
20 notice
20 notice New minor version of npm available! 11.13.0 -> 11.17.0
20 notice Changelog: https://github.com/npm/cli/releases/tag/v11.17.0
20 notice To update run: npm install -g npm@11.17.0
20 notice  { force: true, Symbol(proc-log.meta): true }
21 verbose exit 0
22 info ok
